// Jest Snapshot v1, https://goo.gl/fbAQLP

exports[`DiscreetSlider renders correctly 1`] = `
<div>
  <div
    class="flex flex-col items-center text-xs font-medium"
  >
    <label
      for="propId"
    >
      My Property
      : 
      3
    </label>
    <div
      class="flex flex-row gap-1 items-center"
    >
      <div
        class="w-5 text-right"
      >
        1
      </div>
      <input
        id="propId"
        list="propId:markers"
        max="5"
        min="1"
        name="propName"
        step="1"
        type="range"
        value="3"
      />
      <datalist
        id="propId:markers"
      >
        <option
          value="1"
        />
        <option
          value="2"
        />
        <option
          value="3"
        />
        <option
          value="4"
        />
        <option
          value="5"
        />
      </datalist>
      <div
        class="w-7 text-left"
      >
        5
      </div>
    </div>
  </div>
</div>
`;
